node_modules/smart-extend/dist/smart-extend.debug.js:237:25
