node-file-cache@1.0.2/lib/index.js:106:21:106:21
node-file-cache@1.0.2/lib/index.js:110:17:110:17