node_modules/asciitable.js/asciitable.umd.js:50:99:50:99 