node_modules/changeset/index.js:75:25
node_modules/changeset/index.js:96:25