node_modules/paypal-adaptive/lib/paypal-adaptive.js:31:22