node_modules/madlib-object-utils/lib/utils.js:60:24