node_modules/deeply/lib/reduce_object.js:19:5:19:13