node_modules/nconf-toml/node_modules/toml/lib/compiler.js:55:18