node_modules/properties-reader/src/properties-reader.js:200:27