node_modules/mout/object/set.js:10:57
node_modules/mout/object/deepFillIn.js:19:33
