node_modules/objtools/lib/index.js:440:18
node_modules/objtools/lib/index.js:533:18
node_modules/objtools/lib/index.js:349:18
node_modules/objtools/lib/index.js:563:3
node_modules/objtools/lib/index.js:565:3