node_modules/putil-merge/lib/merge.js:72:19
node_modules/putil-merge/lib/merge.js:65:29