node_modules/prototyped.js/dist/object/set/index.js:11:18