class-transformer@0.2.3/TransformOperationExecutor.js:242:25:242:32