class-transformer@0.2.3/TransformOperationExecutor.js:252:25:252:32