node_modules/connie/lib/utils.js:11:37
node_modules/connie/lib/utils.js:14:37