node_modules/@firebase/util/dist/index.node.cjs.js:437:9
node_modules/@firebase/util/dist/index.cjs.js:437:9
node_modules/@firebase/util/dist/index.esm.js:433:9
node_modules/@firebase/util/dist/index.esm2017.js:431:9
