node_modules/immer/dist/immer.cjs.development.js:1378:22
node_modules/immer/dist/immer.cjs.development.js:1393:22
node_modules/immer/dist/immer.esm.js:1:6541
node_modules/immer/dist/immer.esm.js:1:6658
node_modules/immer/dist/immer.umd.development.js:1380:23
node_modules/immer/dist/immer.umd.development.js:1395:23
