node_modules/deep-defaults/lib/index.js:16:13:16:16