node_modules/object-collider/dist/src/utils/CollideUtil.js:79:17:79:20
node_modules/object-collider/dist/src/utils/CollideUtil.js:72:13:72:16
