node_modules/arr-flatten-unflatten/unflatten.js:17:16