node_modules/arr-flatten-unflatten/unflatten.js:13:40