node_modules/dot-object/index.js:415:13:415:20
node_modules/dot-object/index.js:423:9:423:11
node_modules/dot-object/dist/dot-object.js:421:29:421:36
node_modules/dot-object/dist/dot-object.js:429:21:429:23
