node_modules/set-object-value/build/cjs/src/index.js:24:15
node_modules/set-object-value/build/es/src/index.js:17:5
