node_modules/class-transformer/TransformOperationExecutor.js:149:25