node_modules/class-transformer/TransformOperationExecutor.js:159:25