node_modules/locutus/php/strings/parse_str.js:156:7